 WARN  Unsupported engine: wanted: {"node":"20.x"} (current: {"node":"v24.14.0","pnpm":"10.30.3"})

> crm-smcr@0.1.0 build C:\Users\raulo\OneDrive\Escritorio\crm-smcr
> next build

  ▲ Next.js 14.2.35
  - Environments: .env.local, .env

   Creating an optimized production build ...

> Build error occurred
Error: spawn EPERM
    at ChildProcess.spawn (node:internal/child_process:421:11)
    at spawn (node:child_process:796:9)
    at fork (node:child_process:174:10)
    at ChildProcessWorker.initialize (C:\Users\raulo\OneDrive\Escritorio\crm-smcr\node_modules\next\dist\compiled\jest-worker\index.js:1:10853)
    at new ChildProcessWorker (C:\Users\raulo\OneDrive\Escritorio\crm-smcr\node_modules\next\dist\compiled\jest-worker\index.js:1:10741)
    at WorkerPool.createWorker (C:\Users\raulo\OneDrive\Escritorio\crm-smcr\node_modules\next\dist\compiled\jest-worker\index.js:1:6314)
    at new BaseWorkerPool (C:\Users\raulo\OneDrive\Escritorio\crm-smcr\node_modules\next\dist\compiled\jest-worker\index.js:1:8173)
    at new WorkerPool (C:\Users\raulo\OneDrive\Escritorio\crm-smcr\node_modules\next\dist\compiled\jest-worker\index.js:1:6110)
    at new Worker (C:\Users\raulo\OneDrive\Escritorio\crm-smcr\node_modules\next\dist\compiled\jest-worker\index.js:1:23092)
    at createWorker (C:\Users\raulo\OneDrive\Escritorio\crm-smcr\node_modules\next\dist\lib\worker.js:34:28) {
  errno: -4048,
  code: 'EPERM',
  syscall: 'spawn'
}
 ELIFECYCLE  Command failed with exit code 1.
